../Drivers/API/Src/API_lcd_i2c.c:41:6:HD44780_Init	16	static
../Drivers/API/Src/API_lcd_i2c.c:97:6:HD44780_Clear	8	static
../Drivers/API/Src/API_lcd_i2c.c:111:6:HD44780_Home	8	static
../Drivers/API/Src/API_lcd_i2c.c:125:6:HD44780_SetCursor	40	static
../Drivers/API/Src/API_lcd_i2c.c:137:6:HD44780_NoDisplay	8	static
../Drivers/API/Src/API_lcd_i2c.c:146:6:HD44780_Display	8	static
../Drivers/API/Src/API_lcd_i2c.c:155:6:HD44780_NoCursor	8	static
../Drivers/API/Src/API_lcd_i2c.c:164:6:HD44780_Cursor	8	static
../Drivers/API/Src/API_lcd_i2c.c:173:6:HD44780_NoBlink	8	static
../Drivers/API/Src/API_lcd_i2c.c:182:6:HD44780_Blink	8	static
../Drivers/API/Src/API_lcd_i2c.c:191:6:HD44780_ScrollDisplayLeft	8	static
../Drivers/API/Src/API_lcd_i2c.c:199:6:HD44780_ScrollDisplayRight	8	static
../Drivers/API/Src/API_lcd_i2c.c:207:6:HD44780_LeftToRight	8	static
../Drivers/API/Src/API_lcd_i2c.c:216:6:HD44780_RightToLeft	8	static
../Drivers/API/Src/API_lcd_i2c.c:225:6:HD44780_AutoScroll	8	static
../Drivers/API/Src/API_lcd_i2c.c:234:6:HD44780_NoAutoScroll	8	static
../Drivers/API/Src/API_lcd_i2c.c:245:6:HD44780_CreateSpecialChar	24	static
../Drivers/API/Src/API_lcd_i2c.c:258:6:HD44780_PrintSpecialChar	16	static
../Drivers/API/Src/API_lcd_i2c.c:268:6:HD44780_LoadCustomCharacter	16	static
../Drivers/API/Src/API_lcd_i2c.c:277:6:HD44780_PrintStr	16	static
../Drivers/API/Src/API_lcd_i2c.c:287:6:HD44780_SetBacklight	16	static
../Drivers/API/Src/API_lcd_i2c.c:298:6:HD44780_NoBacklight	8	static
../Drivers/API/Src/API_lcd_i2c.c:307:6:HD44780_Backlight	8	static
../Drivers/API/Src/API_lcd_i2c.c:317:13:SendCommand	16	static
../Drivers/API/Src/API_lcd_i2c.c:326:13:SendChar	16	static
../Drivers/API/Src/API_lcd_i2c.c:336:13:Send	24	static
../Drivers/API/Src/API_lcd_i2c.c:348:13:Write4Bits	16	static
../Drivers/API/Src/API_lcd_i2c.c:358:13:ExpanderWrite	32	static
../Drivers/API/Src/API_lcd_i2c.c:368:13:PulseEnable	16	static
../Drivers/API/Src/API_lcd_i2c.c:381:13:DelayInit	4	static,ignoring_inline_asm
../Drivers/API/Src/API_lcd_i2c.c:401:13:DelayUS	32	static
